[backblue.gif]
[fade.gif]
[index.html]
[jobpress.icookcode.net/dev/css/bootstrap.min.css]
[jobpress.icookcode.net/dev/fonts/ionicons/css/ionicons.min.css]
[jobpress.icookcode.net/dev/css/owl.carousel.css]
[jobpress.icookcode.net/dev/css/owl.theme.default.css]
[jobpress.icookcode.net/dev/css/animate.min.css]
[jobpress.icookcode.net/dev/css/magnific-popup.css]
[jobpress.icookcode.net/dev/css/tagsinput.css]
[jobpress.icookcode.net/dev/css/style.css]
[jobpress.icookcode.net/dev/images/logo.png]
[jobpress.icookcode.net/dev/images/background01.jpg]
[jobpress.icookcode.net/dev/images/feature-icon01.png]
[jobpress.icookcode.net/dev/images/feature-icon02.png]
[jobpress.icookcode.net/dev/images/profile-icon01.png]
[jobpress.icookcode.net/dev/images/company-logo01.jpg]
[jobpress.icookcode.net/dev/images/company-logo02.jpg]
[jobpress.icookcode.net/dev/images/company-logo03.jpg]
[jobpress.icookcode.net/dev/images/company-logo04.jpg]
[jobpress.icookcode.net/dev/images/company-logo05.jpg]
[jobpress.icookcode.net/dev/images/category-icon01.png]
[jobpress.icookcode.net/dev/images/category-icon02.png]
[jobpress.icookcode.net/dev/images/category-icon03.png]
[jobpress.icookcode.net/dev/images/category-icon04.png]
[jobpress.icookcode.net/dev/images/category-icon05.png]
[jobpress.icookcode.net/dev/images/category-icon06.png]
[jobpress.icookcode.net/dev/images/category-icon07.png]
[jobpress.icookcode.net/dev/images/category-icon08.png]
[jobpress.icookcode.net/dev/images/category-icon09.png]
[jobpress.icookcode.net/dev/images/category-icon10.png]
[jobpress.icookcode.net/dev/images/company-logo06.jpg]
[jobpress.icookcode.net/dev/images/company-logo07.jpg]
[jobpress.icookcode.net/dev/images/company-logo08.jpg]
[jobpress.icookcode.net/dev/images/company-logo09.jpg]
[jobpress.icookcode.net/dev/images/company-logo10.jpg]
[jobpress.icookcode.net/dev/images/background02.jpg]
[jobpress.icookcode.net/dev/images/news-grid01.jpg]
[jobpress.icookcode.net/dev/images/news-grid02.jpg]
[jobpress.icookcode.net/dev/images/news-grid03.jpg]
[jobpress.icookcode.net/dev/images/client-logo01.png]
[jobpress.icookcode.net/dev/images/client-logo02.png]
[jobpress.icookcode.net/dev/images/client-logo03.png]
[jobpress.icookcode.net/dev/images/client-logo04.png]
[jobpress.icookcode.net/dev/images/client-logo05.png]
[jobpress.icookcode.net/dev/images/client-logo06.png]
[jobpress.icookcode.net/dev/images/background03.jpg]
[jobpress.icookcode.net/dev/images/footer-logo.png]
[jobpress.icookcode.net/dev/js/bootstrap.min.js]
[jobpress.icookcode.net/dev/js/owl.carousel.min.js]
[jobpress.icookcode.net/dev/js/jquery-3.1.1.min.js]
[jobpress.icookcode.net/dev/js/wow.min.js]
[jobpress.icookcode.net/dev/js/tagsinput.js]
[jobpress.icookcode.net/dev/js/typehead.js]
[jobpress.icookcode.net/dev/js/jquery.waypoints.min.js]
[jobpress.icookcode.net/dev/js/bootstrap-select.js]
[jobpress.icookcode.net/dev/js/jquery.countTo.js]
[jobpress.icookcode.net/dev/js/imagesloaded.pkgd.min.js]
[jobpress.icookcode.net/dev/js/isotope.pkgd.min.js]
[jobpress.icookcode.net/dev/index.html]
[jobpress.icookcode.net/dev/js/jquery.magnific-popup.js]
[jobpress.icookcode.net/dev/js/scripts.js]
[jobpress.icookcode.net/dev/css/bootstrap.min.css]
[jobpress.icookcode.net/dev/fonts/ionicons/fonts/ionicons28b5.ttf]
[jobpress.icookcode.net/dev/fonts/ionicons/fonts/ionicons28b5.woff]
[jobpress.icookcode.net/dev/fonts/ionicons/css/ionicons.min.css]
[jobpress.icookcode.net/dev/css/owl.carousel.css]
[jobpress.icookcode.net/dev/css/owl.theme.default.css]
[jobpress.icookcode.net/dev/css/animate.min.css]
[jobpress.icookcode.net/dev/css/magnific-popup.css]
[jobpress.icookcode.net/dev/css/tagsinput.css]
[jobpress.icookcode.net/dev/fonts/ionicons/fonts/ionicons28b5.eot]
[jobpress.icookcode.net/dev/css/style.css]
[jobpress.icookcode.net/dev/images/background04.jpg]
[jobpress.icookcode.net/dev/images/company01.jpg]
[jobpress.icookcode.net/dev/images/company02.jpg]
[jobpress.icookcode.net/dev/images/vision-icon.png]
[jobpress.icookcode.net/dev/images/our-mission-icon.png]
[jobpress.icookcode.net/dev/images/team-member01.jpg]
[jobpress.icookcode.net/dev/images/team-member04.jpg]
[jobpress.icookcode.net/dev/images/client-logo-light01.png]
[jobpress.icookcode.net/dev/images/client-logo-light02.png]
[jobpress.icookcode.net/dev/images/client-logo-light03.png]
[jobpress.icookcode.net/dev/images/client-logo-light04.png]
[jobpress.icookcode.net/dev/images/client-logo-light05.png]
[jobpress.icookcode.net/dev/images/client-logo-light06.png]
[jobpress.icookcode.net/dev/about.html]
[jobpress.icookcode.net/dev/images/candidate01.jpg]
[jobpress.icookcode.net/dev/images/candidate05.jpg]
[jobpress.icookcode.net/dev/candidates-listing.html]
[jobpress.icookcode.net/dev/companies-listing.html]
[jobpress.icookcode.net/dev/images/company-logo16.jpg]
[jobpress.icookcode.net/dev/images/company-logo15.jpg]
[jobpress.icookcode.net/dev/images/company-logo17.jpg]
[jobpress.icookcode.net/dev/images/avatar11.jpg]
[jobpress.icookcode.net/dev/images/avatar12.jpg]
[jobpress.icookcode.net/dev/images/company-logo11.jpg]
[jobpress.icookcode.net/dev/images/avatar13.jpg]
[jobpress.icookcode.net/dev/images/company-logo12.jpg]
[jobpress.icookcode.net/dev/images/company-logo-big01.jpg]
[jobpress.icookcode.net/dev/images/avatar02.jpg]
[jobpress.icookcode.net/dev/images/avatar03.jpg]
[jobpress.icookcode.net/dev/images/avatar04.jpg]
[jobpress.icookcode.net/dev/images/company-logo-big02.jpg]
[jobpress.icookcode.net/dev/jobs-listing.html]
[jobpress.icookcode.net/dev/job-details.html]
[jobpress.icookcode.net/dev/images/category-icon-blue01.png]
[jobpress.icookcode.net/dev/images/category-icon-blue02.png]
[jobpress.icookcode.net/dev/images/category-icon-blue03.png]
[jobpress.icookcode.net/dev/images/category-icon-blue04.png]
[jobpress.icookcode.net/dev/images/category-icon-blue05.png]
[jobpress.icookcode.net/dev/images/category-icon-blue06.png]
[jobpress.icookcode.net/dev/images/category-icon-blue07.png]
[jobpress.icookcode.net/dev/images/category-icon-blue08.png]
[jobpress.icookcode.net/dev/images/category-icon-blue09.png]
[jobpress.icookcode.net/dev/images/category-icon-blue10.png]
[jobpress.icookcode.net/dev/images/category-icon-blue11.png]
[jobpress.icookcode.net/dev/images/category-icon-blue12.png]
[jobpress.icookcode.net/dev/categories.html]
[jobpress.icookcode.net/dev/images/candidate-big01.jpg]
[jobpress.icookcode.net/dev/images/company-logo-big05.jpg]
[jobpress.icookcode.net/dev/post-resume-form.html]
[jobpress.icookcode.net/dev/images/avatar01.jpg]
[jobpress.icookcode.net/dev/images/candidate06.jpg]
[jobpress.icookcode.net/dev/images/company-logo13.jpg]
[jobpress.icookcode.net/dev/images/company-logo14.jpg]
[jobpress.icookcode.net/dev/candidate-dashboard.html]
[jobpress.icookcode.net/dev/post-job-form.html]
[jobpress.icookcode.net/dev/images/news-grid04.jpg]
[jobpress.icookcode.net/dev/images/news-grid05.jpg]
[jobpress.icookcode.net/dev/images/news-grid06.jpg]
[jobpress.icookcode.net/dev/images/news-grid07.jpg]
[jobpress.icookcode.net/dev/images/news-grid08.jpg]
[jobpress.icookcode.net/dev/images/news-grid09.jpg]
[jobpress.icookcode.net/dev/blog-grid-full-width.html]
[jobpress.icookcode.net/dev/blog-masonry-full-width.html]
[jobpress.icookcode.net/dev/images/blog-post-img-xs01.jpg]
[jobpress.icookcode.net/dev/images/blog-post-img-xs02.jpg]
[jobpress.icookcode.net/dev/images/blog-post-img-xs03.jpg]
[jobpress.icookcode.net/dev/images/blog-post-img-xs04.jpg]
[jobpress.icookcode.net/dev/images/blog-post-img-xs05.jpg]
[jobpress.icookcode.net/dev/images/recent-post01.jpg]
[jobpress.icookcode.net/dev/images/recent-post02.jpg]
[jobpress.icookcode.net/dev/images/recent-post03.jpg]
[jobpress.icookcode.net/dev/blog-list.html]
[jobpress.icookcode.net/dev/images/blog-post-featured-img01.jpg]
[jobpress.icookcode.net/dev/images/avatar07.jpg]
[jobpress.icookcode.net/dev/images/avatar08.jpg]
[jobpress.icookcode.net/dev/images/avatar09.jpg]
[jobpress.icookcode.net/dev/images/avatar10.jpg]
[jobpress.icookcode.net/dev/blog-single-fullwidth-image.html]
[jobpress.icookcode.net/dev/help.html]
[jobpress.icookcode.net/dev/contact-us-full-width.html]
[jobpress.icookcode.net/dev/pricing-plans.html]
[jobpress.icookcode.net/dev/fonts/ionicons/fonts/ionicons28b5.svg]
[jobpress.icookcode.net/dev/images/company03.jpg]
[jobpress.icookcode.net/dev/images/our-target-icon.png]
[jobpress.icookcode.net/dev/images/team-member02.jpg]
[jobpress.icookcode.net/dev/images/team-member03.jpg]
[jobpress.icookcode.net/dev/images/candidate02.jpg]
[jobpress.icookcode.net/dev/images/candidate03.jpg]
[jobpress.icookcode.net/dev/images/candidate04.jpg]
[jobpress.icookcode.net/dev/images/company-logo-big03.jpg]
[jobpress.icookcode.net/dev/images/company-logo-big04.jpg]
[jobpress.icookcode.net/dev/images/candidate-small01.jpg]
[jobpress.icookcode.net/dev/images/candidate-small02.jpg]
[jobpress.icookcode.net/dev/images/candidate-small03.jpg]
[jobpress.icookcode.net/dev/images/candidate-small04.jpg]
[jobpress.icookcode.net/dev/images/candidate-small05.jpg]
[jobpress.icookcode.net/dev/images/candidate-small06.jpg]
[jobpress.icookcode.net/dev/images/candidate-small07.jpg]
[jobpress.icookcode.net/dev/images/candidate-small08.jpg]
[jobpress.icookcode.net/dev/images/company-logo-jumbo01.jpg]
[jobpress.icookcode.net/dev/employer-dashboard.html]
[jobpress.icookcode.net/dev/images/blog-post-img01.jpg]
[jobpress.icookcode.net/dev/images/avatar05.jpg]
[jobpress.icookcode.net/dev/images/blog-post-img02.jpg]
[jobpress.icookcode.net/dev/images/avatar06.jpg]
[jobpress.icookcode.net/dev/images/blog-post-img03.jpg]
[jobpress.icookcode.net/dev/blog-standard.html]
[jobpress.icookcode.net/dev/images/blog-post-featured-img02.jpg]
[jobpress.icookcode.net/dev/blog-single-fullwidth-video.html]
[jobpress.icookcode.net/dev/images/blog-post-featured-img03.jpg]
[jobpress.icookcode.net/dev/blog-single-with-sidebar.html]
[jobpress.icookcode.net/dev/fonts/glyphicons-halflings-regular.html]
[jobpress.icookcode.net/dev/fonts/glyphicons-halflings-regulard41d.html]
[jobpress.icookcode.net/dev/fonts/glyphicons-halflings-regular-2.html]
[jobpress.icookcode.net/dev/fonts/glyphicons-halflings-regular-3.html]
[jobpress.icookcode.net/dev/fonts/glyphicons-halflings-regular-4.html]
[jobpress.icookcode.net/dev/fonts/glyphicons-halflings-regular-5.html]
[jobpress.icookcode.net/dev/css/owl.video.play.html]
[jobpress.icookcode.net/dev/images/dropdown.html]
